ASxxxx Linker V03.00 + NoICE + sdld,  page 1.
Hexadecimal  [32-Bits]

Area                                    Addr        Size        Decimal Bytes (Attributes)
--------------------------------        ----        ----        ------- ----- ------------
.  .ABS.                            00000000    00000000 =           0. bytes (ABS,CON)

      Value  Global                              Global Defined In Module
      -----  --------------------------------   ------------------------
     00000000  .__.ABS.                           cpct_firmware
     00000000  l__CABS                         
     00000000  l__DABS                         
     00000000  l__GSFINAL                      
     00000000  l__GSINIT                       
     00000000  l__HOME                         
     00000000  l__INITIALIZED                  
     00000000  l__INITIALIZER                  
     00000000  s__CABS                         
     00000000  s__DABS                         
     00000005  l__DATA                         
     00000D0C  l__CODE                         
     00004000  s__CODE                         
     00004D0C  s__DATA                         
     00004D11  s__GSFINAL                      
     00004D11  s__GSINIT                       
     00004D11  s__HOME                         
     00004D11  s__INITIALIZED                  
     00004D11  s__INITIALIZER                  

ASxxxx Linker V03.00 + NoICE + sdld,  page 2.
Hexadecimal  [32-Bits]

Area                                    Addr        Size        Decimal Bytes (Attributes)
--------------------------------        ----        ----        ------- ----- ------------
_CODE                               00004000    00000D0C =        3340. bytes (REL,CON)

      Value  Global                              Global Defined In Module
      -----  --------------------------------   ------------------------
     00004000  _calcula_y_c                       calcula_y_c
     00004091  _main                              main
     000040A4  _calcula_y                         
     000040BA  y_LINE                             
     000040CF  y_ROW                              
     000040EE  calcula_x                          
     00004100  y                                  
     00004101  y_l                                
     00004102  x                                  
     00004103  siguiente_linea                    
     00004105  siguiente_caracter                 
     00004107  t_pvmem                            
     00004109  _pvmem                             
     0000410B  __divuint                          
     00004113  __divuchar                         
     0000411A  __divu8                            
     0000411D  __divu16                           
     00004159  _vprintf                           vprintf
     00004179  _printf                            vprintf
     00004196  _cpct_getScreenPtr                 cpct_video
     000042AB  __print_format                     printf_large
     00004CED  _putchar                           cpct_strings
     00004CED  _putchar_rr_s                      cpct_strings
     00004CF6  _putchar_rr_dbs                    cpct_strings
     00004CFB  ___sdcc_call_hl                    
     00004CFC  _strlen                            
     00004D0B  _cpct_mode_rom_status              cpct_firmware
ASxxxx Linker V03.00 + NoICE + sdld,  page 3.
Hexadecimal  [32-Bits]

Area                                    Addr        Size        Decimal Bytes (Attributes)
--------------------------------        ----        ----        ------- ----- ------------
_DATA                               00004D0C    00000005 =           5. bytes (REL,CON)

      Value  Global                              Global Defined In Module
      -----  --------------------------------   ------------------------
     00004D0C  _new_pvmem                         calcula_y_c
     00004D0E  _y                                 calcula_y_c
     00004D0F  _y_f                               calcula_y_c
     00004D10  _y_m                               calcula_y_c

ASxxxx Linker V03.00 + NoICE + sdld,  page 4.

Files Linked                              [ module(s) ]

obj/calcula_y_c.rel                       [ calcula_y_c ]
obj/main.rel                              [ main ]
obj/_calcula_y.rel                        [  ]


Libraries Linked                          [ object file ]

/home/papi/cpctelera/cpctelera/tools/sdcc-3.6.8-r9946/bin/../share/sdcc/lib/z80/z80.lib
                                          [ divunsigned.rel ]
/home/papi/cpctelera/cpctelera/tools/sdcc-3.6.8-r9946/bin/../share/sdcc/lib/z80/z80.lib
                                          [ vprintf.rel ]
/home/papi/cpctelera/cpctelera/cpctelera.lib
                                          [ cpct_getScreenPtr_cbindings.rel ]
/home/papi/cpctelera/cpctelera/tools/sdcc-3.6.8-r9946/bin/../share/sdcc/lib/z80/z80.lib
                                          [ printf_large.rel ]
/home/papi/cpctelera/cpctelera/cpctelera.lib
                                          [ cpct_putChar.rel ]
/home/papi/cpctelera/cpctelera/tools/sdcc-3.6.8-r9946/bin/../share/sdcc/lib/z80/z80.lib
                                          [ __sdcc_call_hl.rel ]
/home/papi/cpctelera/cpctelera/tools/sdcc-3.6.8-r9946/bin/../share/sdcc/lib/z80/z80.lib
                                          [ strlen.rel ]
/home/papi/cpctelera/cpctelera/cpctelera.lib
                                          [ cpc_mode_rom_status.rel ]

ASxxxx Linker V03.00 + NoICE + sdld,  page 5.

User Base Address Definitions

_CODE = 0x4000
_DATA = 0x0000

